<html>
<body>
<pre>
<h1>µVision Build Log</h1>
<h2>Project:</h2>
D:\STM32_SX1278 -smt\Project\STM32RF.uvproj
Project File Date:  01/29/2018

<h2>Output:</h2>
Load "D:\\STM32_SX1278 -smt\\Project\\Obj\\STM32_Demo.axf" 
* JLink Info: Device "STM32F103C8" selected (64 KB flash, 20 KB RAM).
Set JLink Project File to "D:\STM32_SX1278 -smt\Project\JLinkSettings.ini"
 
JLink info:
------------
DLL: V4.36l, compiled Dec  2 2011 18:52:36
Firmware: J-Link ARM V8 compiled Dec  6 2011 18:57:44
Hardware: V8.00
S/N : 805306163 
Feature(s) : RDI,FlashDL,FlashBP,JFlash,GDBFull 
 
* JLink Info: Found SWD-DP with ID 0x1BA01477
* JLink Info: TPIU fitted.
* JLink Info:   FPUnit: 6 code (BP) slots and 2 literal slots
* JLink Info: Found Cortex-M3 r1p1, Little endian.
ROMTableAddr = 0xE00FF003
* JLink Info: Found SWD-DP with ID 0x1BA01477
* JLink Info: TPIU fitted.
* JLink Info:   FPUnit: 6 code (BP) slots and 2 literal slots
* JLink Info: Found Cortex-M3 r1p1, Little endian.
 
Target info:
------------
Device: STM32F103C8
VTarget = 2.407V
State of Pins: 
TCK: 0, TDI: 1, TDO: 1, TMS: 0, TRES: 1, TRST: 1
Hardware-Breakpoints: 6
Software-Breakpoints: 8192
Watchpoints:          4
JTAG speed: 500 kHz
 
Erase Done.
Programming Done.
* JLink Info: Found SWD-DP with ID 0x1BA01477
* JLink Info: TPIU fitted.
* JLink Info:   FPUnit: 6 code (BP) slots and 2 literal slots
* JLink Info: Found Cortex-M3 r1p1, Little endian.
Application running ...
*** Note: 'Create Batch File' is active - using 'Rebuild'.
Rebuild target 'STM32RF'
assembling startup_stm32f10x_hd.s...
compiling main.c...
compiling stm32f10x_it.c...
compiling rf.c...
compiling function.c...
compiling oled.c...
..\Source\Drivers\oled.c(933): warning:  #186-D: pointless comparison of unsigned integer with zero
compiling usart1.c...
..\Source\Drivers\usart1.c(257): error:  #268: declaration may not appear after executable statement in block
..\Source\Drivers\usart1.c(264): error:  #136: struct "<unnamed>" has no field "USART_Clock"
..\Source\Drivers\usart1.c(265): error:  #136: struct "<unnamed>" has no field "USART_CPOL"
..\Source\Drivers\usart1.c(266): error:  #136: struct "<unnamed>" has no field "USART_CPHA"
..\Source\Drivers\usart1.c(267): error:  #136: struct "<unnamed>" has no field "USART_LastBit"
..\Source\Drivers\usart1.c(272): error:  #268: declaration may not appear after executable statement in block
..\Source\Drivers\usart1.c(284): error:  #268: declaration may not appear after executable statement in block
compiling I2C.c...
compiling SI7021.c...
compiling Delay.c...
compiling sx1276-LoRaMisc.c...
compiling SPI.c...
compiling gpio.c...
compiling sx1276-LoRa.c...
..\Source\Drivers\sx1276-LoRa.c(536): warning:  #69-D: integer conversion resulted in truncation
compiling core_cm3.c...
compiling system_stm32f10x.c...
compiling misc.c...
compiling stm32f10x_rcc.c...
compiling stm32f10x_gpio.c...
compiling stm32f10x_usart.c...
compiling stm32f10x_flash.c...
compiling stm32f10x_i2c.c...
compiling stm32f10x_spi.c...
Target not created
*** Note: 'Create Batch File' is active - using 'Rebuild'.
Rebuild target 'STM32RF'
assembling startup_stm32f10x_hd.s...
compiling main.c...
compiling stm32f10x_it.c...
compiling rf.c...
compiling function.c...
compiling oled.c...
..\Source\Drivers\oled.c(933): warning:  #186-D: pointless comparison of unsigned integer with zero
compiling usart1.c...
..\Source\Drivers\usart1.c(257): error:  #268: declaration may not appear after executable statement in block
..\Source\Drivers\usart1.c(264): error:  #136: struct "<unnamed>" has no field "USART_Clock"
..\Source\Drivers\usart1.c(265): error:  #136: struct "<unnamed>" has no field "USART_CPOL"
..\Source\Drivers\usart1.c(266): error:  #136: struct "<unnamed>" has no field "USART_CPHA"
..\Source\Drivers\usart1.c(267): error:  #136: struct "<unnamed>" has no field "USART_LastBit"
..\Source\Drivers\usart1.c(272): error:  #268: declaration may not appear after executable statement in block
..\Source\Drivers\usart1.c(284): error:  #268: declaration may not appear after executable statement in block
compiling I2C.c...
compiling SI7021.c...
compiling Delay.c...
compiling sx1276-LoRaMisc.c...
compiling SPI.c...
compiling gpio.c...
compiling sx1276-LoRa.c...
..\Source\Drivers\sx1276-LoRa.c(536): warning:  #69-D: integer conversion resulted in truncation
compiling core_cm3.c...
compiling system_stm32f10x.c...
compiling misc.c...
compiling stm32f10x_rcc.c...
compiling stm32f10x_gpio.c...
compiling stm32f10x_usart.c...
compiling stm32f10x_flash.c...
compiling stm32f10x_i2c.c...
compiling stm32f10x_spi.c...
Target not created
*** Note: 'Create Batch File' is active - using 'Rebuild'.
Rebuild target 'STM32RF'
assembling startup_stm32f10x_hd.s...
compiling main.c...
compiling stm32f10x_it.c...
compiling rf.c...
compiling function.c...
compiling oled.c...
..\Source\Drivers\oled.c(933): warning:  #186-D: pointless comparison of unsigned integer with zero
compiling usart1.c...
..\Source\Drivers\usart1.c(240): error:  #268: declaration may not appear after executable statement in block
compiling I2C.c...
compiling SI7021.c...
compiling Delay.c...
compiling sx1276-LoRaMisc.c...
compiling SPI.c...
compiling gpio.c...
compiling sx1276-LoRa.c...
..\Source\Drivers\sx1276-LoRa.c(536): warning:  #69-D: integer conversion resulted in truncation
compiling core_cm3.c...
compiling system_stm32f10x.c...
compiling misc.c...
compiling stm32f10x_rcc.c...
compiling stm32f10x_gpio.c...
compiling stm32f10x_usart.c...
compiling stm32f10x_flash.c...
compiling stm32f10x_i2c.c...
compiling stm32f10x_spi.c...
Target not created
*** Note: 'Create Batch File' is active - using 'Rebuild'.
Rebuild target 'STM32RF'
assembling startup_stm32f10x_hd.s...
compiling main.c...
compiling stm32f10x_it.c...
compiling rf.c...
compiling function.c...
compiling oled.c...
..\Source\Drivers\oled.c(933): warning:  #186-D: pointless comparison of unsigned integer with zero
compiling usart1.c...
..\Source\Drivers\usart1.c(240): error:  #268: declaration may not appear after executable statement in block
compiling I2C.c...
compiling SI7021.c...
compiling Delay.c...
compiling sx1276-LoRaMisc.c...
compiling SPI.c...
compiling gpio.c...
compiling sx1276-LoRa.c...
..\Source\Drivers\sx1276-LoRa.c(536): warning:  #69-D: integer conversion resulted in truncation
compiling core_cm3.c...
compiling system_stm32f10x.c...
compiling misc.c...
compiling stm32f10x_rcc.c...
compiling stm32f10x_gpio.c...
compiling stm32f10x_usart.c...
compiling stm32f10x_flash.c...
compiling stm32f10x_i2c.c...
compiling stm32f10x_spi.c...
Target not created
*** Note: 'Create Batch File' is active - using 'Rebuild'.
Rebuild target 'STM32RF'
assembling startup_stm32f10x_hd.s...
compiling main.c...
compiling stm32f10x_it.c...
compiling rf.c...
compiling function.c...
compiling oled.c...
..\Source\Drivers\oled.c(933): warning:  #186-D: pointless comparison of unsigned integer with zero
compiling usart1.c...
..\Source\Drivers\usart1.c(240): error:  #268: declaration may not appear after executable statement in block
compiling I2C.c...
compiling SI7021.c...
compiling Delay.c...
compiling sx1276-LoRaMisc.c...
compiling SPI.c...
compiling gpio.c...
compiling sx1276-LoRa.c...
..\Source\Drivers\sx1276-LoRa.c(536): warning:  #69-D: integer conversion resulted in truncation
compiling core_cm3.c...
compiling system_stm32f10x.c...
compiling misc.c...
compiling stm32f10x_rcc.c...
compiling stm32f10x_gpio.c...
compiling stm32f10x_usart.c...
compiling stm32f10x_flash.c...
compiling stm32f10x_i2c.c...
compiling stm32f10x_spi.c...
Target not created
compiling usart1.c...
..\Source\Drivers\usart1.c(240): error:  #268: declaration may not appear after executable statement in block
..\Source\Drivers\usart1.c - 1 Error(s), 0 Warning(s).
compiling usart1.c...
..\Source\Drivers\usart1.c - 0 Error(s), 0 Warning(s).
*** Note: 'Create Batch File' is active - using 'Rebuild'.
Rebuild target 'STM32RF'
assembling startup_stm32f10x_hd.s...
compiling main.c...
compiling stm32f10x_it.c...
compiling rf.c...
compiling function.c...
compiling oled.c...
..\Source\Drivers\oled.c(933): warning:  #186-D: pointless comparison of unsigned integer with zero
compiling usart1.c...
compiling I2C.c...
compiling SI7021.c...
compiling Delay.c...
compiling sx1276-LoRaMisc.c...
compiling SPI.c...
compiling gpio.c...
compiling sx1276-LoRa.c...
..\Source\Drivers\sx1276-LoRa.c(536): warning:  #69-D: integer conversion resulted in truncation
compiling core_cm3.c...
compiling system_stm32f10x.c...
compiling misc.c...
compiling stm32f10x_rcc.c...
compiling stm32f10x_gpio.c...
compiling stm32f10x_usart.c...
compiling stm32f10x_flash.c...
compiling stm32f10x_i2c.c...
compiling stm32f10x_spi.c...
linking...
Program Size: Code=15760 RO-data=3732 RW-data=60 ZI-data=708  
FromELF: creating hex file...
"STM32_Demo.axf" - 0 Error(s), 2 Warning(s).
