<html>
<body>
<pre>
<h1>礦ision Build Log</h1>
<h2>Project:</h2>
E:\ARM\红叶MP3（光盘资料）\软件资料\红叶STM32开发板基础例程\（1）GPIO流水灯实验\Project\Red_Leaves_STM32_Demo.uvproj
Project File Date:  04/18/2012

<h2>Output:</h2>
Build target 'Target 1'
compiling main.c...
compiling stm32f10x_it.c...
compiling Led_Driver.c...
compiling Usart_Driver.c...
Usart_Driver.c: Error:  #5: cannot open source input file "..\Source\Drivers\Usart_Driver\Usart_Driver.c": No such file or directory
Target not created
Build target 'Target 1'
compiling core_cm3.c...
compiling system_stm32f10x.c...
compiling misc.c...
compiling stm32f10x_rcc.c...
compiling stm32f10x_gpio.c...
compiling stm32f10x_usart.c...
linking...
Program Size: Code=2336 RO-data=336 RW-data=20 ZI-data=516  
"Red_Leaves_STM32_Demo.axf" - 0 Error(s), 0 Warning(s).
Build target 'Target 1'
assembling startup_stm32f10x_hd.s...
compiling main.c...
compiling stm32f10x_it.c...
compiling Led_Driver.c...
compiling core_cm3.c...
compiling system_stm32f10x.c...
compiling misc.c...
compiling stm32f10x_rcc.c...
compiling stm32f10x_gpio.c...
compiling stm32f10x_usart.c...
linking...
Program Size: Code=2336 RO-data=336 RW-data=20 ZI-data=516  
"Red_Leaves_STM32_Demo.axf" - 0 Error(s), 0 Warning(s).
Load "E:\\ARM\\红叶MP3（光盘资料）\\软件资料\\红叶STM32开发板基础例程\\（1）GPIO流水灯实验\\Project\\Red_Leaves_STM32_Demo.AXF" 
* JLink Info: Device "STM32F101ZE" selected (512 KB flash, 48 KB RAM).
Set JLink Project File to "E:\ARM\红叶MP3（光盘资料）\软件资料\红叶STM32开发板基础例程\（1）GPIO流水灯实验\Project\JLinkSettings.ini"
 
JLink info:
------------
DLL: V4.40c, compiled Jan 24 2012 09:30:33
Firmware: J-Link ARM V8 compiled Dec  6 2011 18:57:44
Hardware: V8.00
S/N : 20100214 
Feature(s) : RDI,FlashDL,FlashBP,JFlash,GDBFull 
 
* JLink Info: Found SWD-DP with ID 0x1BA01477
* JLink Info: TPIU fitted.
* JLink Info: ETM fitted.
* JLink Info:   FPUnit: 6 code (BP) slots and 2 literal slots
* JLink Info: Found Cortex-M3 r1p1, Little endian.
ROMTableAddr = 0xE00FF003
* JLink Info: Found SWD-DP with ID 0x1BA01477
* JLink Info: TPIU fitted.
* JLink Info: ETM fitted.
* JLink Info:   FPUnit: 6 code (BP) slots and 2 literal slots
* JLink Info: Found Cortex-M3 r1p1, Little endian.
 
Target info:
------------
Device: STM32F101ZE
VTarget = 3.287V
State of Pins: 
TCK: 0, TDI: 1, TDO: 1, TMS: 0, TRES: 1, TRST: 1
Hardware-Breakpoints: 6
Software-Breakpoints: 8192
Watchpoints:          4
JTAG speed: 4000 kHz
 
Erase Done.
Programming Done.
Verify OK.
* JLink Info: Found SWD-DP with ID 0x1BA01477
* JLink Info: TPIU fitted.
* JLink Info: ETM fitted.
* JLink Info:   FPUnit: 6 code (BP) slots and 2 literal slots
* JLink Info: Found Cortex-M3 r1p1, Little endian.
Application running ...
Build target 'Target 1'
assembling startup_stm32f10x_hd.s...
compiling main.c...
compiling stm32f10x_it.c...
compiling Led_Driver.c...
compiling core_cm3.c...
compiling system_stm32f10x.c...
compiling misc.c...
compiling stm32f10x_rcc.c...
compiling stm32f10x_gpio.c...
compiling stm32f10x_usart.c...
linking...
Program Size: Code=2336 RO-data=336 RW-data=20 ZI-data=516  
".\Obj\Red_Leaves_STM32_Demo.axf" - 0 Error(s), 0 Warning(s).
Load "E:\\ARM\\红叶MP3（光盘资料）\\软件资料\\红叶STM32开发板基础例程\\（1）GPIO流水灯实验\\Project\\Obj\\Red_Leaves_STM32_Demo.AXF" 
* JLink Info: Device "STM32F101ZE" selected (512 KB flash, 48 KB RAM).
Set JLink Project File to "E:\ARM\红叶MP3（光盘资料）\软件资料\红叶STM32开发板基础例程\（1）GPIO流水灯实验\Project\JLinkSettings.ini"
 
JLink info:
------------
DLL: V4.40c, compiled Jan 24 2012 09:30:33
Firmware: J-Link ARM V8 compiled Dec  6 2011 18:57:44
Hardware: V8.00
S/N : 20100214 
Feature(s) : RDI,FlashDL,FlashBP,JFlash,GDBFull 
 
* JLink Info: Found SWD-DP with ID 0x1BA01477
* JLink Info: TPIU fitted.
* JLink Info: ETM fitted.
* JLink Info:   FPUnit: 6 code (BP) slots and 2 literal slots
* JLink Info: Found Cortex-M3 r1p1, Little endian.
ROMTableAddr = 0xE00FF003
* JLink Info: Found SWD-DP with ID 0x1BA01477
* JLink Info: TPIU fitted.
* JLink Info: ETM fitted.
* JLink Info:   FPUnit: 6 code (BP) slots and 2 literal slots
* JLink Info: Found Cortex-M3 r1p1, Little endian.
 
Target info:
------------
Device: STM32F101ZE
VTarget = 3.287V
State of Pins: 
TCK: 0, TDI: 1, TDO: 0, TMS: 0, TRES: 1, TRST: 1
Hardware-Breakpoints: 6
Software-Breakpoints: 8192
Watchpoints:          4
JTAG speed: 4000 kHz
 
Erase Done.
Programming Done.
Verify OK.
* JLink Info: Found SWD-DP with ID 0x1BA01477
* JLink Info: TPIU fitted.
* JLink Info: ETM fitted.
* JLink Info:   FPUnit: 6 code (BP) slots and 2 literal slots
* JLink Info: Found Cortex-M3 r1p1, Little endian.
Application running ...
